------------------------------------------------------------
TimeQuest Timing Analyzer Summary
------------------------------------------------------------

Type  : Setup 'emu|pll|pll_inst|altera_pll_i|cyclonev_pll|counter[0].output_counter|divclk'
Slack : -6.203
TNS   : -53308.017

Type  : Setup 'emu|pll|pll_inst|altera_pll_i|cyclonev_pll|counter[1].output_counter|divclk'
Slack : -3.613
TNS   : -6432.851

Type  : Setup 'SDRAM_CLK'
Slack : -1.745
TNS   : -51.621

Type  : Setup 'pll_hdmi|pll_hdmi_inst|altera_pll_i|cyclonev_pll|counter[0].output_counter|divclk'
Slack : 0.223
TNS   : 0.000

Type  : Setup 'sysmem|fpga_interfaces|clocks_resets|h2f_user0_clk'
Slack : 4.216
TNS   : 0.000

Type  : Setup 'spi_sck'
Slack : 5.306
TNS   : 0.000

Type  : Setup 'FPGA_CLK1_50'
Slack : 8.331
TNS   : 0.000

Type  : Setup 'FPGA_CLK2_50'
Slack : 9.950
TNS   : 0.000

Type  : Setup 'pll_audio|pll_audio_inst|altera_pll_i|general[0].gpll~PLL_OUTPUT_COUNTER|divclk'
Slack : 22.863
TNS   : 0.000

Type  : Setup 'rtc32k'
Slack : 30508.226
TNS   : 0.000

Type  : Hold 'pll_hdmi|pll_hdmi_inst|altera_pll_i|cyclonev_pll|counter[0].output_counter|divclk'
Slack : 0.232
TNS   : 0.000

Type  : Hold 'emu|pll|pll_inst|altera_pll_i|cyclonev_pll|counter[0].output_counter|divclk'
Slack : 0.251
TNS   : 0.000

Type  : Hold 'emu|pll|pll_inst|altera_pll_i|cyclonev_pll|counter[1].output_counter|divclk'
Slack : 0.255
TNS   : 0.000

Type  : Hold 'pll_audio|pll_audio_inst|altera_pll_i|general[0].gpll~PLL_OUTPUT_COUNTER|divclk'
Slack : 0.283
TNS   : 0.000

Type  : Hold 'spi_sck'
Slack : 0.357
TNS   : 0.000

Type  : Hold 'sysmem|fpga_interfaces|clocks_resets|h2f_user0_clk'
Slack : 0.392
TNS   : 0.000

Type  : Hold 'FPGA_CLK1_50'
Slack : 0.413
TNS   : 0.000

Type  : Hold 'FPGA_CLK2_50'
Slack : 0.417
TNS   : 0.000

Type  : Hold 'rtc32k'
Slack : 0.792
TNS   : 0.000

Type  : Hold 'SDRAM_CLK'
Slack : 5.696
TNS   : 0.000

Type  : Recovery 'emu|pll|pll_inst|altera_pll_i|cyclonev_pll|counter[0].output_counter|divclk'
Slack : -2.784
TNS   : -13413.125

Type  : Recovery 'emu|pll|pll_inst|altera_pll_i|cyclonev_pll|counter[1].output_counter|divclk'
Slack : 0.162
TNS   : 0.000

Type  : Recovery 'pll_hdmi|pll_hdmi_inst|altera_pll_i|cyclonev_pll|counter[0].output_counter|divclk'
Slack : 4.488
TNS   : 0.000

Type  : Recovery 'sysmem|fpga_interfaces|clocks_resets|h2f_user0_clk'
Slack : 7.132
TNS   : 0.000

Type  : Recovery 'FPGA_CLK1_50'
Slack : 16.312
TNS   : 0.000

Type  : Recovery 'FPGA_CLK2_50'
Slack : 18.075
TNS   : 0.000

Type  : Removal 'pll_hdmi|pll_hdmi_inst|altera_pll_i|cyclonev_pll|counter[0].output_counter|divclk'
Slack : 1.028
TNS   : 0.000

Type  : Removal 'sysmem|fpga_interfaces|clocks_resets|h2f_user0_clk'
Slack : 1.155
TNS   : 0.000

Type  : Removal 'FPGA_CLK2_50'
Slack : 1.221
TNS   : 0.000

Type  : Removal 'emu|pll|pll_inst|altera_pll_i|cyclonev_pll|counter[0].output_counter|divclk'
Slack : 1.274
TNS   : 0.000

Type  : Removal 'FPGA_CLK1_50'
Slack : 1.401
TNS   : 0.000

Type  : Removal 'emu|pll|pll_inst|altera_pll_i|cyclonev_pll|counter[1].output_counter|divclk'
Slack : 1.978
TNS   : 0.000

Type  : Minimum Pulse Width 'emu|pll|pll_inst|altera_pll_i|cyclonev_pll|fpll_0|fpll|vcoph[0]'
Slack : 0.406
TNS   : 0.000

Type  : Minimum Pulse Width 'pll_hdmi|pll_hdmi_inst|altera_pll_i|cyclonev_pll|fpll_0|fpll|vcoph[0]'
Slack : 1.122
TNS   : 0.000

Type  : Minimum Pulse Width 'pll_audio|pll_audio_inst|altera_pll_i|general[0].gpll~FRACTIONAL_PLL|vcoph[0]'
Slack : 1.196
TNS   : 0.000

Type  : Minimum Pulse Width 'emu|pll|pll_inst|altera_pll_i|cyclonev_pll|counter[0].output_counter|divclk'
Slack : 1.811
TNS   : 0.000

Type  : Minimum Pulse Width 'pll_hdmi|pll_hdmi_inst|altera_pll_i|cyclonev_pll|counter[0].output_counter|divclk'
Slack : 1.933
TNS   : 0.000

Type  : Minimum Pulse Width 'emu|pll|pll_inst|altera_pll_i|cyclonev_pll|counter[1].output_counter|divclk'
Slack : 3.431
TNS   : 0.000

Type  : Minimum Pulse Width 'sysmem|fpga_interfaces|clocks_resets|h2f_user0_clk'
Slack : 3.589
TNS   : 0.000

Type  : Minimum Pulse Width 'emu|pll|pll_inst|altera_pll_i|cyclonev_pll|counter[2].output_counter|divclk'
Slack : 3.958
TNS   : 0.000

Type  : Minimum Pulse Width 'spi_sck'
Slack : 4.249
TNS   : 0.000

Type  : Minimum Pulse Width 'FPGA_CLK2_50'
Slack : 9.211
TNS   : 0.000

Type  : Minimum Pulse Width 'FPGA_CLK1_50'
Slack : 9.214
TNS   : 0.000

Type  : Minimum Pulse Width 'FPGA_CLK3_50'
Slack : 9.730
TNS   : 0.000

Type  : Minimum Pulse Width 'pll_audio|pll_audio_inst|altera_pll_i|general[0].gpll~PLL_OUTPUT_COUNTER|divclk'
Slack : 18.921
TNS   : 0.000

Type  : Minimum Pulse Width 'rtc32k'
Slack : 15255.275
TNS   : 0.000

------------------------------------------------------------
